---
source: tests/render_test.rs
expression: html
input_file: tests/fixtures/inline_formatting.md
---
<p><strong>Bold text</strong> and <em>italic text</em> and <em><strong>bold italic</strong></em>.</p>
<p><del>Strikethrough text</del> is supported.</p>
<p>This is an autolink: <a href="https://example.com">https://example.com</a></p>
<p>And a regular <a href="https://example.com" title="Example">link</a>.</p>
<p><img src="/local/image.png" alt="Alt text" /></p>
